<?php return array (
  0 => 'Symfony\\Bundle\\FrameworkBundle\\Controller\\AbstractController',
  1 => 'App\\Controller\\Admin\\AdminArticleController',
  2 => 'App\\Controller\\Admin\\AdminCarouselController',
  3 => 'App\\Controller\\Admin\\AdminCategoryController',
  4 => 'App\\Controller\\Admin\\AdminDashboardController',
  5 => 'App\\Controller\\Admin\\AdminGalleryController',
  6 => 'App\\Controller\\Admin\\AdminOccasionController',
  7 => 'App\\Controller\\Admin\\AdminPictureController',
  8 => 'App\\Controller\\Admin\\AdminProfileController',
  9 => 'App\\Controller\\Admin\\AdminStatusController',
  10 => 'App\\Controller\\Admin\\AdminUserController',
  11 => 'App\\Controller\\EditorController',
  12 => 'App\\Controller\\MainController',
  13 => 'App\\Controller\\RegistrationController',
  14 => 'App\\Controller\\ResetPasswordController',
  15 => 'App\\Controller\\SecurityController',
  16 => 'App\\Controller\\UserController',
  17 => 'App\\Entity\\Article',
  18 => 'App\\Entity\\Carousel',
  19 => 'App\\Entity\\CarouselPicture',
  20 => 'App\\Entity\\Category',
  21 => 'App\\Entity\\Gallery',
  22 => 'App\\Entity\\Occasion',
  23 => 'App\\Entity\\Picture',
  24 => 'App\\Entity\\Profile',
  25 => 'App\\Entity\\ResetPasswordRequest',
  26 => 'App\\Entity\\Status',
  27 => 'App\\Entity\\User',
  28 => 'CalendarBundle\\Controller\\CalendarController',
  29 => 'CalendarBundle\\Entity\\Event',
  30 => 'Doctrine\\Bundle\\DoctrineBundle\\Controller\\ProfilerController',
  31 => 'Doctrine\\ORM\\Cache\\Persister\\Entity\\AbstractEntityPersister',
  32 => 'Doctrine\\ORM\\Cache\\Persister\\Entity\\CachedEntityPersister',
  33 => 'Doctrine\\ORM\\Cache\\Persister\\Entity\\NonStrictReadWriteCachedEntityPersister',
  34 => 'Doctrine\\ORM\\Cache\\Persister\\Entity\\ReadOnlyCachedEntityPersister',
  35 => 'Doctrine\\ORM\\Cache\\Persister\\Entity\\ReadWriteCachedEntityPersister',
  36 => 'Doctrine\\ORM\\Persisters\\Entity\\AbstractEntityInheritancePersister',
  37 => 'Doctrine\\ORM\\Persisters\\Entity\\BasicEntityPersister',
  38 => 'Doctrine\\ORM\\Persisters\\Entity\\CachedPersisterContext',
  39 => 'Doctrine\\ORM\\Persisters\\Entity\\EntityPersister',
  40 => 'Doctrine\\ORM\\Persisters\\Entity\\JoinedSubclassPersister',
  41 => 'Doctrine\\ORM\\Persisters\\Entity\\SingleTablePersister',
  42 => 'SymfonyCasts\\Bundle\\ResetPassword\\Controller\\ResetPasswordControllerTrait',
  44 => 'Symfony\\Bundle\\FrameworkBundle\\Controller\\ControllerResolver',
  45 => 'Symfony\\Bundle\\FrameworkBundle\\Controller\\RedirectController',
  46 => 'Symfony\\Bundle\\FrameworkBundle\\Controller\\TemplateController',
  47 => 'Symfony\\Bundle\\WebProfilerBundle\\Controller\\ExceptionPanelController',
  48 => 'Symfony\\Bundle\\WebProfilerBundle\\Controller\\ProfilerController',
  49 => 'Symfony\\Bundle\\WebProfilerBundle\\Controller\\RouterController',
  50 => 'Symfony\\Component\\HttpKernel\\Controller\\ArgumentResolver',
  51 => 'Symfony\\Component\\HttpKernel\\Controller\\ArgumentResolverInterface',
  52 => 'Symfony\\Component\\HttpKernel\\Controller\\ArgumentResolver\\BackedEnumValueResolver',
  53 => 'Symfony\\Component\\HttpKernel\\Controller\\ArgumentResolver\\DateTimeValueResolver',
  54 => 'Symfony\\Component\\HttpKernel\\Controller\\ArgumentResolver\\DefaultValueResolver',
  55 => 'Symfony\\Component\\HttpKernel\\Controller\\ArgumentResolver\\NotTaggedControllerValueResolver',
  56 => 'Symfony\\Component\\HttpKernel\\Controller\\ArgumentResolver\\RequestAttributeValueResolver',
  57 => 'Symfony\\Component\\HttpKernel\\Controller\\ArgumentResolver\\RequestValueResolver',
  58 => 'Symfony\\Component\\HttpKernel\\Controller\\ArgumentResolver\\ServiceValueResolver',
  59 => 'Symfony\\Component\\HttpKernel\\Controller\\ArgumentResolver\\SessionValueResolver',
  60 => 'Symfony\\Component\\HttpKernel\\Controller\\ArgumentResolver\\TraceableValueResolver',
  61 => 'Symfony\\Component\\HttpKernel\\Controller\\ArgumentResolver\\UidValueResolver',
  62 => 'Symfony\\Component\\HttpKernel\\Controller\\ArgumentResolver\\VariadicValueResolver',
  63 => 'Symfony\\Component\\HttpKernel\\Controller\\ArgumentValueResolverInterface',
  64 => 'Symfony\\Component\\HttpKernel\\Controller\\ContainerControllerResolver',
  65 => 'Symfony\\Component\\HttpKernel\\Controller\\ControllerReference',
  66 => 'Symfony\\Component\\HttpKernel\\Controller\\ControllerResolver',
  67 => 'Symfony\\Component\\HttpKernel\\Controller\\ControllerResolverInterface',
  68 => 'Symfony\\Component\\HttpKernel\\Controller\\ErrorController',
  69 => 'Symfony\\Component\\HttpKernel\\Controller\\TraceableArgumentResolver',
  70 => 'Symfony\\Component\\HttpKernel\\Controller\\TraceableControllerResolver',
  71 => 'Symfony\\Component\\Security\\Http\\Controller\\UserValueResolver',
);